[
  {
    "Header 1": "cell 1, 1.0\ncell 1, 1.1",
    "Header 2.0\nHeader 2.1": "cell 1, 2",
    "Header 3": "cell 1, 3"
  },
  {
    "Header 1": "cell 2, 1",
    "Header 2.0\nHeader 2.1": "cell 2, 2.0\ncell 2, 2.1\ncell 2, 2.2",
    "Header 3": "cell 2, 3"
  },
  {
    "Header 1": "cell 3, 1",
    "Header 2.0\nHeader 2.1": "cell 3, 2",
    "Header 3": "cell 3, 3.0\ncell 3, 3.1\ncell 3, 3.2\ncell 3, 3.3"
  },
  {
    "Header 1": "cell 4, 1.0\n               cell 4, 1.1",
    "Header 2.0\nHeader 2.1": "cell 4, 2.0\ncell 4, 2.1",
    "Header 3": "cell 4, 3.0\ncell 4, 3.1\ncell 4, 3.2"
  },
  {
    "Header 1": "cell 5, 1",
    "Header 2.0\nHeader 2.1": "cell 5, 2",
    "Header 3": "cell 5, 3"
  }
]