Header 1                                ,"Header 2.0Header 2.1"              ,Header 3
"cell 1, 1.0cell 1, 1.1"               ,"cell 1, 2"                          ,"cell 1, 3"
"cell 2, 1"                             ,"cell 2, 2.0cell 2, 2.1cell 2, 2.2","cell 2, 3"
"cell 3, 1"                             ,"cell 3, 2"                         ,"cell 3, 3.0cell 3, 3.1cell 3, 3.2cell 3, 3.3"
"cell 4, 1.0               cell 4, 1.1","cell 4, 2.0cell 4, 2.1"            ,"cell 4, 3.0cell 4, 3.1cell 4, 3.2"
"cell 5, 1"                           ,"cell 5, 2"                          ,"cell 5, 3"