<table border="1" cellpadding="5" cellspacing="1"
       bordercolor="black" >
  <tr bgcolor="#bcbcbc"align="center">
    <th>Header 1</th>
    <th align="left">Header 2.0<br>Header 2.1</th>
    <th>Header 3</th>
  </tr>
  <tr align="center">
    <th align="left">cell 1, 1.0<br>cell 1, 1.1</th>
    <th>cell 1, 2</th>
    <th>cell 1, 3</th>
  </tr>
  <tr bgcolor="#dfe7f2"align="center">
    <th>cell 2, 1</th>
    <th align="left">cell 2, 2.0<br>cell 2, 2.1<br>cell 2, 2.2</th>
    <th>cell 2, 3</th>
  </tr>
  <tr align="center">
    <th>cell 3, 1</th>
    <th align="left"><br>cell 3, 2</th>
    <th align="left">cell 3, 3.0<br>cell 3, 3.1<br>cell 3, 3.2<br>cell 3, 3.3</th>
  </tr>
  <tr bgcolor="#dfe7f2"align="center">
    <th align="left">cell 4, 1.0<br>               cell 4, 1.1</th>
    <th align="left">cell 4, 2.0<br>cell 4, 2.1</th>
    <th align="left">cell 4, 3.0<br>cell 4, 3.1<br>cell 4, 3.2</th>
  </tr>
  <tr align="center">
    <th align="left"><br><br>cell 5, 1</th>
    <th>cell 5, 2</th>
    <th>cell 5, 3</th>
  </tr>
</table>